// Jest Snapshot v1, https://goo.gl/fbAQLP

exports[`<Analytics /> should render correctly - index 1`] = `
<div>
  <div
    class=""
  />
</div>
`;

exports[`<Analytics /> should render correctly 1`] = `
<div>
  <div
    class=""
  />
</div>
`;
