// Jest Snapshot v1, https://goo.gl/fbAQLP

exports[`<Debug /> should render correctly 1`] = `
<div>
  <div>
    <h1
      class="page-title__heading"
    >
      Debug
    </h1>
    <label
      class="checkbox debug__checkbox"
    >
      <div
        class="checkbox__input-wrapper"
      >
        <input
          aria-invalid="false"
          aria-label="Show session debug views"
          class="checkbox__input"
          name="Show session debug views"
          type="checkbox"
        />
        <svg
          class="icon checkbox__check"
          height="18"
          viewBox="0 0 24 24"
          width="18"
          xmlns="http://www.w3.org/2000/svg"
        >
          <path
            d="M9.4 20c-.5 0-.9-.2-1.3-.5l-5.8-5.1c-.4-.4-.5-1-.1-1.4l1.3-1.5c.4-.4 1-.5 1.4-.1l4 3.5c.2.1.4.1.6 0l9.2-10.5c.4-.4 1-.5 1.4-.1l1.5 1.3c.4.4.5 1 .1 1.4L10.9 19.3c-.4.5-.9.7-1.5.7z"
          />
        </svg>
      </div>
      <span
        aria-hidden="true"
        class="checkbox__label"
      >
        Show session debug views
         
      </span>
    </label>
    <label
      class="checkbox debug__checkbox"
    >
      <div
        class="checkbox__input-wrapper"
      >
        <input
          aria-invalid="false"
          aria-label="Show page container debug colours"
          class="checkbox__input"
          name="Show page container debug colours"
          type="checkbox"
        />
        <svg
          class="icon checkbox__check"
          height="18"
          viewBox="0 0 24 24"
          width="18"
          xmlns="http://www.w3.org/2000/svg"
        >
          <path
            d="M9.4 20c-.5 0-.9-.2-1.3-.5l-5.8-5.1c-.4-.4-.5-1-.1-1.4l1.3-1.5c.4-.4 1-.5 1.4-.1l4 3.5c.2.1.4.1.6 0l9.2-10.5c.4-.4 1-.5 1.4-.1l1.5 1.3c.4.4.5 1 .1 1.4L10.9 19.3c-.4.5-.9.7-1.5.7z"
          />
        </svg>
      </div>
      <span
        aria-hidden="true"
        class="checkbox__label"
      >
        Show page container debug colours
         
      </span>
    </label>
    <span
      class="paragraph"
    >
      Note that changes will not take effect until you reload the page.
    </span>
  </div>
</div>
`;
