// Jest Snapshot v1, https://goo.gl/fbAQLP

exports[`process analytics data properly  1`] = `
Array [
  Object {
    "browser": "browser1",
    "browserVersion": "1",
    "count": 2,
    "ipAddressPrefix": "4.1.X.X",
    "key": "browser1_os1_/url/1___4.1.X.X_1",
    "os": "os1",
    "url": "/url/1",
    "utm_medium": undefined,
    "utm_source": undefined,
  },
  Object {
    "browser": "browser1",
    "browserVersion": "1",
    "count": 1,
    "ipAddressPrefix": "4.1.X.X",
    "key": "browser1_os2_/url/2___4.1.X.X_1",
    "os": "os2",
    "url": "/url/2",
    "utm_medium": undefined,
    "utm_source": undefined,
  },
  Object {
    "browser": "browser2",
    "browserVersion": "2",
    "count": 1,
    "ipAddressPrefix": "1.2.X.X",
    "key": "browser2_os2_/url/4_utmSource1_utmMedium1_1.2.X.X_2",
    "os": "os2",
    "url": "/url/4",
    "utm_medium": "utmMedium1",
    "utm_source": "utmSource1",
  },
  Object {
    "browser": "browser2",
    "browserVersion": "2",
    "count": 1,
    "ipAddressPrefix": "1.2.X.X",
    "key": "browser2_os2_/url/4___1.2.X.X_2",
    "os": "os2",
    "url": "/url/4",
    "utm_medium": undefined,
    "utm_source": undefined,
  },
  Object {
    "browser": "browser2",
    "browserVersion": "2",
    "count": 1,
    "ipAddressPrefix": "1.2.X.X",
    "key": "browser2_os1_/url/1___1.2.X.X_2",
    "os": "os1",
    "url": "/url/1",
    "utm_medium": undefined,
    "utm_source": undefined,
  },
  Object {
    "browser": "browser2",
    "browserVersion": "2",
    "count": 2,
    "ipAddressPrefix": "1.0.X.X",
    "key": "browser2_os2_/url/1___1.0.X.X_2",
    "os": "os2",
    "url": "/url/1",
    "utm_medium": undefined,
    "utm_source": undefined,
  },
  Object {
    "browser": "browser3",
    "browserVersion": "3",
    "count": 1,
    "ipAddressPrefix": "1.2.X.X",
    "key": "browser3_os1_/url/6___1.2.X.X_3",
    "os": "os1",
    "url": "/url/6",
    "utm_medium": undefined,
    "utm_source": undefined,
  },
  Object {
    "browser": "browser4",
    "browserVersion": "4",
    "count": 1,
    "ipAddressPrefix": "1.2.X.X",
    "key": "browser4_os3_/url/1___1.2.X.X_4",
    "os": "os3",
    "url": "/url/1",
    "utm_medium": undefined,
    "utm_source": undefined,
  },
  Object {
    "browser": "browser1",
    "browserVersion": "1",
    "count": 4,
    "ipAddressPrefix": "1.2.X.X",
    "key": "browser1_os1_/url/1___1.2.X.X_1",
    "os": "os1",
    "url": "/url/1",
    "utm_medium": undefined,
    "utm_source": undefined,
  },
  Object {
    "browser": "browser1",
    "browserVersion": "1.3",
    "count": 4,
    "ipAddressPrefix": "1.2.X.X",
    "key": "browser1_os2_/url/2___1.2.X.X_1.3",
    "os": "os2",
    "url": "/url/2",
    "utm_medium": undefined,
    "utm_source": undefined,
  },
]
`;
